
> fcc-imperial-metric-converter-boilerplate@1.0.0 test
> mocha ./tests/ --ui tdd


  1) Uncaught error outside test suite

  0 passing (3ms)
  1 failing

  1) Uncaught error outside test suite:
     Uncaught Error: listen EADDRINUSE: address already in use :::3001
      at Server.setupListenHandle [as _listen2] (node:net:1740:16)
      at listenInCluster (node:net:1788:12)
      at Server.listen (node:net:1876:7)
      at Function.listen (node_modules/express/lib/application.js:618:24)
      at Object.<anonymous> (server.js:44:5)
      at Module._compile (node:internal/modules/cjs/loader:1256:14)
      at Module._extensions..js (node:internal/modules/cjs/loader:1310:10)
      at Module.load (node:internal/modules/cjs/loader:1119:32)
      at Module._load (node:internal/modules/cjs/loader:960:12)
      at Module.require (node:internal/modules/cjs/loader:1143:19)
      at require (node:internal/modules/cjs/helpers:110:18)
      at Object.<anonymous> (tests/2_functional-tests.js:4:16)
      at Module._compile (node:internal/modules/cjs/loader:1256:14)
      at Module._extensions..js (node:internal/modules/cjs/loader:1310:10)
      at Module.load (node:internal/modules/cjs/loader:1119:32)
      at Module._load (node:internal/modules/cjs/loader:960:12)
      at Module.require (node:internal/modules/cjs/loader:1143:19)
      at require (node:internal/modules/cjs/helpers:110:18)





  Unit Tests for ConvertHandler
    getNum()
      ✓ Whole number input
      ✓ Decimal number input
      ✓ Fractional input
      ✓ Fractional input with a decimal
      ✓ Double-fraction input
      ✓ No numerical input defaults to 1
    getUnit()
      ✓ Valid input unit
      ✓ Invalid input unit
    getReturnUnit()
      2) Return unit for valid input
    spellOutUnit()
      3) Spelled-out string unit for valid input
    convert()
      ✓ Gallons to liters
      ✓ Liters to gallons
      ✓ Miles to kilometers
      ✓ Kilometers to miles
      ✓ Pounds to kilograms
      ✓ Kilograms to pounds

